C51 COMPILER V9.56.0.0   BSP_INIT                                                          11/11/2017 15:09:17 PAGE 1   


C51 COMPILER V9.56.0.0, COMPILATION OF MODULE BSP_INIT
OBJECT MODULE PLACED IN ..\Output\bsp_Init.obj
COMPILER INVOKED BY: D:\Keil_v5\C51\BIN\C51.EXE ..\User\bsp_Init.c OPTIMIZE(8,SPEED) BROWSE INCDIR(..\User) DEBUG OBJECT
                    -EXTEND PRINT(..\Listing\bsp_Init.lst) TABS(6) OBJECT(..\Output\bsp_Init.obj)

line level    source

   1          #include "bsp_Init.h"
   2          /***********************初始化函数***********************/
   3          
   4          void Init(void)
   5          {
   6   1                  /*          串口初始化            */
   7   1                  TMOD=0x20;        //使用定时工作方式2
   8   1      /******************波特率为9600***********************/      
   9   1                  TL1 = 0xFD;       //设定定时初值
  10   1                  TH1 = 0xFD;       //设定定时器重装值
  11   1                  PCON=0x00;        //波特率不倍速
  12   1      
  13   1                  SCON=0x50;
  14   1            
  15   1                  EA=1;
  16   1                  ES=1;
  17   1                  TR1=1;            //打开定时器中断
  18   1      }


MODULE INFORMATION:   STATIC OVERLAYABLE
   CODE SIZE        =     22    ----
   CONSTANT SIZE    =   ----    ----
   XDATA SIZE       =   ----    ----
   PDATA SIZE       =   ----    ----
   DATA SIZE        =   ----    ----
   IDATA SIZE       =   ----    ----
   BIT SIZE         =   ----    ----
END OF MODULE INFORMATION.


C51 COMPILATION COMPLETE.  0 WARNING(S),  0 ERROR(S)
