C51 COMPILER V9.56.0.0   INTERRUPT                                                         10/17/2017 18:17:34 PAGE 1   


C51 COMPILER V9.56.0.0, COMPILATION OF MODULE INTERRUPT
OBJECT MODULE PLACED IN ..\Output\interrupt.obj
COMPILER INVOKED BY: D:\Program Files (x86)\keil\C51\BIN\C51.EXE ..\User\interrupt.c OPTIMIZE(8,SPEED) BROWSE INCDIR(..\
                    -User) DEBUG OBJECTEXTEND PRINT(..\Listing\interrupt.lst) TABS(8) OBJECT(..\Output\interrupt.obj)

line level    source

   1          #include "interrupt.h"
   2          #include "bsp_key.h"
   3          void INT0_Handler() interrupt 0         //外部中断
   4          {
   5   1             key_control(key_press());
   6   1      }
   7          
   8          void TIM0_Handler() interrupt 3         //定时器中断
   9          {
  10   1              TR1=0;
  11   1              TH1 = 0x0b;
  12   1              TL1 = 0xdc;                     //装载初值
  13   1              TR1=1;
  14   1              a++;
*** ERROR C202 IN LINE 14 OF ..\User\interrupt.c: 'a': undefined identifier
  15   1              if(a >= 16)                     //满一秒钟
*** ERROR C202 IN LINE 15 OF ..\User\interrupt.c: 'a': undefined identifier
  16   1              {
  17   2                      a = 0;
*** ERROR C202 IN LINE 17 OF ..\User\interrupt.c: 'a': undefined identifier
  18   2                      num=5;
*** ERROR C202 IN LINE 18 OF ..\User\interrupt.c: 'num': undefined identifier
  19   2                      jia();
  20   2              }
  21   1      }

C51 COMPILATION COMPLETE.  0 WARNING(S),  4 ERROR(S)
